........................................................................ [  4%]
........................................................................ [  8%]
........................................................................ [ 12%]
........................................................................ [ 16%]
........................................................................ [ 20%]
........................................................................ [ 24%]
........................................................................ [ 28%]
........................................................................ [ 32%]
........................................................................ [ 36%]
........................................................................ [ 40%]
........................................................................ [ 44%]
........................................................................ [ 48%]
........................................................................ [ 52%]
........................................................................ [ 56%]
........................................................................ [ 60%]
........................................................................ [ 64%]
........................................................................ [ 69%]
........................................................................ [ 73%]
........................................................................ [ 77%]
........................................................................ [ 81%]
........................................................................ [ 85%]
........................................................................ [ 89%]
........................................................................ [ 93%]
........................................................................ [ 97%]
.............................................                            [100%]
============================== warnings summary ===============================
tests/test_build_context.py::TestEdgeCases::test_empty_catalogs_graceful
  C:\Users\david\narrative-state-engine\tests\..\tools\build_context.py:303: UserWarning: No entity catalogs found. Producing empty context.
    warnings.warn("No entity catalogs found. Producing empty context.")

-- Docs: https://docs.pytest.org/en/stable/how-to/capture-warnings.html
1773 passed, 1 warning in 21.36s
